  Determinando os projetos a serem restaurados...
  Todos os projetos est├úo atualizados para restaura├º├úo.
Z:\T├®cnicos\Marcus\Desenvolvimento\C#\Netscope\SettingsWindow.xaml.cs(27,13): error CS0103: O nome "dgServers" n├úo existe no contexto atual [Z:\T├®cnicos\Marcus\Desenvolvimento\C#\Netscope\NetScope.csproj]
Z:\T├®cnicos\Marcus\Desenvolvimento\C#\Netscope\SettingsWindow.xaml.cs(28,13): error CS0103: O nome "dgPolicies" n├úo existe no contexto atual [Z:\T├®cnicos\Marcus\Desenvolvimento\C#\Netscope\NetScope.csproj]
Z:\T├®cnicos\Marcus\Desenvolvimento\C#\Netscope\SettingsWindow.xaml.cs(29,13): error CS0103: O nome "dgScopes" n├úo existe no contexto atual [Z:\T├®cnicos\Marcus\Desenvolvimento\C#\Netscope\NetScope.csproj]
Z:\T├®cnicos\Marcus\Desenvolvimento\C#\Netscope\MainWindow.xaml.cs(22,16): warning CS8618: O campo n├úo anul├ível '_dbService' precisa conter um valor n├úo nulo ao sair do construtor. Considere adicionar o modificador "obrigat├│rio" ou declarar o campo como anul├ível. [Z:\T├®cnicos\Marcus\Desenvolvimento\C#\Netscope\NetScope.csproj]
Z:\T├®cnicos\Marcus\Desenvolvimento\C#\Netscope\MainWindow.xaml.cs(22,16): warning CS8618: O campo n├úo anul├ível '_dhcpService' precisa conter um valor n├úo nulo ao sair do construtor. Considere adicionar o modificador "obrigat├│rio" ou declarar o campo como anul├ível. [Z:\T├®cnicos\Marcus\Desenvolvimento\C#\Netscope\NetScope.csproj]
Z:\T├®cnicos\Marcus\Desenvolvimento\C#\Netscope\SettingsWindow.xaml.cs(34,30): error CS0103: O nome "txtServerAddress" n├úo existe no contexto atual [Z:\T├®cnicos\Marcus\Desenvolvimento\C#\Netscope\NetScope.csproj]
Z:\T├®cnicos\Marcus\Desenvolvimento\C#\Netscope\SettingsWindow.xaml.cs(45,13): error CS0103: O nome "txtServerAddress" n├úo existe no contexto atual [Z:\T├®cnicos\Marcus\Desenvolvimento\C#\Netscope\NetScope.csproj]
Z:\T├®cnicos\Marcus\Desenvolvimento\C#\Netscope\SettingsWindow.xaml.cs(58,27): error CS0103: O nome "txtPolicyName" n├úo existe no contexto atual [Z:\T├®cnicos\Marcus\Desenvolvimento\C#\Netscope\NetScope.csproj]
Z:\T├®cnicos\Marcus\Desenvolvimento\C#\Netscope\SettingsWindow.xaml.cs(69,13): error CS0103: O nome "txtPolicyName" n├úo existe no contexto atual [Z:\T├®cnicos\Marcus\Desenvolvimento\C#\Netscope\NetScope.csproj]
Z:\T├®cnicos\Marcus\Desenvolvimento\C#\Netscope\Services\DhcpService.cs(32,20): warning CS0219: A vari├ível "result" ├® atribu├¡da, mas seu valor nunca ├® usado [Z:\T├®cnicos\Marcus\Desenvolvimento\C#\Netscope\NetScope.csproj]
Z:\T├®cnicos\Marcus\Desenvolvimento\C#\Netscope\SettingsWindow.xaml.cs(82,25): error CS0103: O nome "txtScopeId" n├úo existe no contexto atual [Z:\T├®cnicos\Marcus\Desenvolvimento\C#\Netscope\NetScope.csproj]
Z:\T├®cnicos\Marcus\Desenvolvimento\C#\Netscope\SettingsWindow.xaml.cs(83,27): error CS0103: O nome "txtScopeName" n├úo existe no contexto atual [Z:\T├®cnicos\Marcus\Desenvolvimento\C#\Netscope\NetScope.csproj]
Z:\T├®cnicos\Marcus\Desenvolvimento\C#\Netscope\SettingsWindow.xaml.cs(94,13): error CS0103: O nome "txtScopeId" n├úo existe no contexto atual [Z:\T├®cnicos\Marcus\Desenvolvimento\C#\Netscope\NetScope.csproj]
Z:\T├®cnicos\Marcus\Desenvolvimento\C#\Netscope\SettingsWindow.xaml.cs(95,13): error CS0103: O nome "txtScopeName" n├úo existe no contexto atual [Z:\T├®cnicos\Marcus\Desenvolvimento\C#\Netscope\NetScope.csproj]
Z:\T├®cnicos\Marcus\Desenvolvimento\C#\Netscope\MainWindow.xaml.cs(102,23): error CS1061: ÔÇÿTextBoxÔÇÖ n├úo cont├®m uma defini├º├úo para "Refresh" e n├úo foi poss├¡vel encontrar nenhum m├®todo de extens├úo "Refresh" que aceite um primeiro argumento do tipo ÔÇÿTextBoxÔÇÖ (voc├¬ est├í se esquecendo de usar uma diretiva ou uma refer├¬ncia de assembly?) [Z:\T├®cnicos\Marcus\Desenvolvimento\C#\Netscope\NetScope.csproj]

FALHA da compila├º├úo.

Z:\T├®cnicos\Marcus\Desenvolvimento\C#\Netscope\MainWindow.xaml.cs(22,16): warning CS8618: O campo n├úo anul├ível '_dbService' precisa conter um valor n├úo nulo ao sair do construtor. Considere adicionar o modificador "obrigat├│rio" ou declarar o campo como anul├ível. [Z:\T├®cnicos\Marcus\Desenvolvimento\C#\Netscope\NetScope.csproj]
Z:\T├®cnicos\Marcus\Desenvolvimento\C#\Netscope\MainWindow.xaml.cs(22,16): warning CS8618: O campo n├úo anul├ível '_dhcpService' precisa conter um valor n├úo nulo ao sair do construtor. Considere adicionar o modificador "obrigat├│rio" ou declarar o campo como anul├ível. [Z:\T├®cnicos\Marcus\Desenvolvimento\C#\Netscope\NetScope.csproj]
Z:\T├®cnicos\Marcus\Desenvolvimento\C#\Netscope\Services\DhcpService.cs(32,20): warning CS0219: A vari├ível "result" ├® atribu├¡da, mas seu valor nunca ├® usado [Z:\T├®cnicos\Marcus\Desenvolvimento\C#\Netscope\NetScope.csproj]
Z:\T├®cnicos\Marcus\Desenvolvimento\C#\Netscope\SettingsWindow.xaml.cs(27,13): error CS0103: O nome "dgServers" n├úo existe no contexto atual [Z:\T├®cnicos\Marcus\Desenvolvimento\C#\Netscope\NetScope.csproj]
Z:\T├®cnicos\Marcus\Desenvolvimento\C#\Netscope\SettingsWindow.xaml.cs(28,13): error CS0103: O nome "dgPolicies" n├úo existe no contexto atual [Z:\T├®cnicos\Marcus\Desenvolvimento\C#\Netscope\NetScope.csproj]
Z:\T├®cnicos\Marcus\Desenvolvimento\C#\Netscope\SettingsWindow.xaml.cs(29,13): error CS0103: O nome "dgScopes" n├úo existe no contexto atual [Z:\T├®cnicos\Marcus\Desenvolvimento\C#\Netscope\NetScope.csproj]
Z:\T├®cnicos\Marcus\Desenvolvimento\C#\Netscope\SettingsWindow.xaml.cs(34,30): error CS0103: O nome "txtServerAddress" n├úo existe no contexto atual [Z:\T├®cnicos\Marcus\Desenvolvimento\C#\Netscope\NetScope.csproj]
Z:\T├®cnicos\Marcus\Desenvolvimento\C#\Netscope\SettingsWindow.xaml.cs(45,13): error CS0103: O nome "txtServerAddress" n├úo existe no contexto atual [Z:\T├®cnicos\Marcus\Desenvolvimento\C#\Netscope\NetScope.csproj]
Z:\T├®cnicos\Marcus\Desenvolvimento\C#\Netscope\SettingsWindow.xaml.cs(58,27): error CS0103: O nome "txtPolicyName" n├úo existe no contexto atual [Z:\T├®cnicos\Marcus\Desenvolvimento\C#\Netscope\NetScope.csproj]
Z:\T├®cnicos\Marcus\Desenvolvimento\C#\Netscope\SettingsWindow.xaml.cs(69,13): error CS0103: O nome "txtPolicyName" n├úo existe no contexto atual [Z:\T├®cnicos\Marcus\Desenvolvimento\C#\Netscope\NetScope.csproj]
Z:\T├®cnicos\Marcus\Desenvolvimento\C#\Netscope\SettingsWindow.xaml.cs(82,25): error CS0103: O nome "txtScopeId" n├úo existe no contexto atual [Z:\T├®cnicos\Marcus\Desenvolvimento\C#\Netscope\NetScope.csproj]
Z:\T├®cnicos\Marcus\Desenvolvimento\C#\Netscope\SettingsWindow.xaml.cs(83,27): error CS0103: O nome "txtScopeName" n├úo existe no contexto atual [Z:\T├®cnicos\Marcus\Desenvolvimento\C#\Netscope\NetScope.csproj]
Z:\T├®cnicos\Marcus\Desenvolvimento\C#\Netscope\SettingsWindow.xaml.cs(94,13): error CS0103: O nome "txtScopeId" n├úo existe no contexto atual [Z:\T├®cnicos\Marcus\Desenvolvimento\C#\Netscope\NetScope.csproj]
Z:\T├®cnicos\Marcus\Desenvolvimento\C#\Netscope\SettingsWindow.xaml.cs(95,13): error CS0103: O nome "txtScopeName" n├úo existe no contexto atual [Z:\T├®cnicos\Marcus\Desenvolvimento\C#\Netscope\NetScope.csproj]
Z:\T├®cnicos\Marcus\Desenvolvimento\C#\Netscope\MainWindow.xaml.cs(102,23): error CS1061: ÔÇÿTextBoxÔÇÖ n├úo cont├®m uma defini├º├úo para "Refresh" e n├úo foi poss├¡vel encontrar nenhum m├®todo de extens├úo "Refresh" que aceite um primeiro argumento do tipo ÔÇÿTextBoxÔÇÖ (voc├¬ est├í se esquecendo de usar uma diretiva ou uma refer├¬ncia de assembly?) [Z:\T├®cnicos\Marcus\Desenvolvimento\C#\Netscope\NetScope.csproj]
    3 Aviso(s)
    12 Erro(s)

Tempo Decorrido 00:00:03.59
